8
8
6
2
5
0
1
6
5
5
1
8
9
2
0
6
7
6
1
6
4
5
8
6
6
5
6
4
3
0
4
1
1
